<html>
<body>
<pre>
<h1>礦ision Build Log</h1>
<h2>Tool Versions:</h2>
IDE-Version: μVision V5.22.0.0
Copyright (C) 2016 ARM Ltd and ARM Germany GmbH. All rights reserved.
License Information: abcd 张帅帅, HP Inc., LIC=0VRMM-X9GR4-XCDJ0-B9BA9-AMN39-X59GI
 
Tool Versions:
Toolchain:       MDK-ARM Professional  Version: 5.22
Toolchain Path:  C:\Keil_v5\ARM\ARMCC\Bin
C Compiler:      Armcc.exe V5.06 update 4 (build 422)
Assembler:       Armasm.exe V5.06 update 4 (build 422)
Linker/Locator:  ArmLink.exe V5.06 update 4 (build 422)
Library Manager: ArmAr.exe V5.06 update 4 (build 422)
Hex Converter:   FromElf.exe V5.06 update 4 (build 422)
CPU DLL:         SARMCM3.DLL V5.22
Dialog DLL:      DCM.DLL V1.13.9.0
Target DLL:      STLink\ST-LINKIII-KEIL_SWO.dll V2.0.18.0
Dialog DLL:      TCM.DLL V1.21.0.0
 
<h2>Project:</h2>
C:\Users\Zzy\Desktop\新建文件夹\实验5-2\Projects\MDK-ARM\atk_f407.uvprojx
Project File Date:  01/10/2025

<h2>Output:</h2>
*** Using Compiler 'V5.06 update 4 (build 422)', folder: 'C:\Keil_v5\ARM\ARMCC\Bin'
Rebuild target 'KEY'
assembling startup_stm32f407xx.s...
compiling delay.c...
compiling system_stm32f4xx.c...
compiling sys.c...
compiling stm32f4xx_hal_cortex.c...
compiling stm32f4xx_hal_gpio.c...
compiling usart.c...
compiling stm32f4xx_hal_pwr.c...
compiling stm32f4xx_hal_dma.c...
compiling stm32f4xx_hal_rcc_ex.c...
compiling stm32f4xx_hal.c...
compiling stm32f4xx_it.c...
compiling main.c...
compiling stm32f4xx_hal_pwr_ex.c...
compiling stm32f4xx_hal_usart.c...
compiling stm32f4xx_hal_rcc.c...
compiling beep.c...
compiling stm32f4xx_hal_dma_ex.c...
compiling led.c...
compiling stm32f4xx_hal_uart.c...
compiling key.c...
..\..\Drivers\BSP\KEY\key.c(86): warning:  #177-D: variable "key_up"  was declared but never referenced
      static uint8_t key_up = 1;        /* 按键松开标志 */
..\..\Drivers\BSP\KEY\key.c(87): warning:  #177-D: variable "key_press_time_KEY2"  was declared but never referenced
      static uint32_t key_press_time_KEY2 = 0; /* 记录 KEY2 按下的时间 */
..\..\Drivers\BSP\KEY\key.c(88): warning:  #177-D: variable "key_press_time_WKUP"  was declared but never referenced
      static uint32_t key_press_time_WKUP = 0; /* 记录 WKUP 按下的时间 */
..\..\Drivers\BSP\KEY\key.c: 3 warnings, 0 errors
linking...
Program Size: Code=7110 RO-data=450 RW-data=56 ZI-data=1392  
FromELF: creating hex file...
"..\..\Output\atk_f407.axf" - 0 Error(s), 3 Warning(s).

<h2>Collection of Component include folders:</h2>
  C:\Users\Zzy\Desktop\新建文件夹\实验5-2\Projects\MDK-ARM\RTE\_KEY
  D:\RUANJIAN\KEIL5\Keil\STM32F4xx_DFP\2.13.0\Drivers\CMSIS\Device\ST\STM32F4xx\Include

<h2>Collection of Component Files used:</h2>
Build Time Elapsed:  00:00:11
</pre>
</body>
</html>
